INFO:root:this is the start of my function1
INFO:root:this is the end of my function1
